// Jest Snapshot v1, https://goo.gl/fbAQLP

exports[`home should render 1`] = `
"
    <div id=\\"back-list\\"><div id=\\"post-list\\">
  <div class=\\"card\\">
    <a href=\\"/singlepost?id=173763276327323\\" class=\\"single-post\\" data-id=\\"173763276327323\\">
      <h2 class=\\"title-list\\" data-id=\\"173763276327323\\">test</h2>
    </a> 
  </div>
  </div>
</div>"
`;
